../Core/Src/main.c:77:6:HAL_TIM_PeriodElapsedCallback	16	static
../Core/Src/main.c:90:5:main	216	static
../Core/Src/main.c:152:6:SystemClock_Config	88	static
../Core/Src/main.c:198:13:MX_I2C1_Init	8	static
../Core/Src/main.c:232:13:MX_I2S3_Init	8	static
../Core/Src/main.c:266:13:MX_SPI1_Init	8	static
../Core/Src/main.c:304:13:MX_TIM3_Init	56	static
../Core/Src/main.c:353:13:MX_USART2_UART_Init	8	static
../Core/Src/main.c:386:13:MX_GPIO_Init	56	static
../Core/Src/main.c:485:6:Error_Handler	4	static,ignoring_inline_asm
