12:10:01 **** Incremental Build of configuration Debug for project 003_LEDControl_PushButton ****
make -j8 all 
arm-none-eabi-gcc "../Core/Src/main.c" -mcpu=cortex-m4 -std=gnu11 -g3 -DDEBUG -DUSE_HAL_DRIVER -DSTM32F407xx -c -I../USB_HOST/App -I../USB_HOST/Target -I../Core/Inc -I../Drivers/STM32F4xx_HAL_Driver/Inc -I../Drivers/STM32F4xx_HAL_Driver/Inc/Legacy -I../Middlewares/ST/STM32_USB_Host_Library/Core/Inc -I../Middlewares/ST/STM32_USB_Host_Library/Class/CDC/Inc -I../Drivers/CMSIS/Device/ST/STM32F4xx/Include -I../Drivers/CMSIS/Include -O0 -ffunction-sections -fdata-sections -Wall -fstack-usage -fcyclomatic-complexity -MMD -MP -MF"Core/Src/main.d" -MT"Core/Src/main.o" --specs=nano.specs -mfpu=fpv4-sp-d16 -mfloat-abi=hard -mthumb -o "Core/Src/main.o"
arm-none-eabi-gcc -o "003_LEDControl_PushButton.elf" @"objects.list"   -mcpu=cortex-m4 -T"C:\STM32_HAL\003_LEDControl_PushButton\STM32F407VGTX_FLASH.ld" --specs=nosys.specs -Wl,-Map="003_LEDControl_PushButton.map" -Wl,--gc-sections -static --specs=nano.specs -mfpu=fpv4-sp-d16 -mfloat-abi=hard -mthumb -Wl,--start-group -lc -lm -Wl,--end-group
Finished building target: 003_LEDControl_PushButton.elf
 
arm-none-eabi-size  003_LEDControl_PushButton.elf 
arm-none-eabi-objdump -h -S 003_LEDControl_PushButton.elf  > "003_LEDControl_PushButton.list"
   text	   data	    bss	    dec	    hex	filename
  35776	    124	   4124	  40024	   9c58	003_LEDControl_PushButton.elf
Finished building: default.size.stdout
 
Finished building: 003_LEDControl_PushButton.list
 

12:10:03 Build Finished. 0 errors, 0 warnings. (took 1s.518ms)

